#
# There is insufficient memory for the Java Runtime Environment to continue.
# Native memory allocation (mmap) failed to map 264241152 bytes for G1 virtual space
# Possible reasons:
#   The system is out of physical RAM or swap space
#   The process is running with CompressedOops enabled, and the Java Heap may be blocking the growth of the native heap
# Possible solutions:
#   Reduce memory load on the system
#   Increase physical memory or swap space
#   Check if swap backing store is full
#   Decrease Java heap size (-Xmx/-Xms)
#   Decrease number of Java threads
#   Decrease Java thread stack sizes (-Xss)
#   Set larger code cache with -XX:ReservedCodeCacheSize=
#   JVM is running with Zero Based Compressed Oops mode in which the Java heap is
#     placed in the first 32GB address space. The Java Heap base address is the
#     maximum limit for the native heap growth. Please use -XX:HeapBaseMinAddress
#     to set the Java Heap base and to place the Java Heap above 32GB virtual address.
# This output file may be truncated or incomplete.
#
#  Out of Memory Error (os_windows.cpp:3548), pid=24204, tid=13992
#
# JRE version:  (17.0.10+11) (build )
# Java VM: Java HotSpot(TM) 64-Bit Server VM (17.0.10+11-LTS-240, mixed mode, emulated-client, sharing, tiered, compressed oops, compressed class ptrs, g1 gc, windows-amd64)
# No core dump will be written. Minidumps are not enabled by default on client versions of Windows
#

---------------  S U M M A R Y ------------

Command Line: -Dcom.sun.management.jmxremote -Dcom.sun.management.jmxremote.port=59873 -Dcom.sun.management.jmxremote.authenticate=false -Dcom.sun.management.jmxremote.ssl=false -Djava.rmi.server.hostname=localhost -Dspring.jmx.enabled=true -Dmanagement.endpoints.jmx.exposure.include=* -Dspring.application.admin.enabled=true -XX:TieredStopAtLevel=1 -Dspring.boot.project.name=dslist -Dfile.encoding=UTF-8 -Dstdout.encoding=UTF-8 -Dstderr.encoding=UTF-8 -XX:+ShowCodeDetailsInExceptionMessages com.devsuperior.dslist.DslistApplication --spring.output.ansi.enabled=always

Host: 13th Gen Intel(R) Core(TM) i5-13450HX, 16 cores, 15G,  Windows 10 , 64 bit Build 19041 (10.0.19041.5794)
Time: Tue May 20 15:37:35 2025 Hora Padrão Brasil Central elapsed time: 0.019430 seconds (0d 0h 0m 0s)

---------------  T H R E A D  ---------------

Current thread (0x000001d1a8f92fe0):  JavaThread "Unknown thread" [_thread_in_vm, id=13992, stack(0x00000029d4200000,0x00000029d4300000)]

Stack: [0x00000029d4200000,0x00000029d4300000]
Native frames: (J=compiled Java code, j=interpreted, Vv=VM code, C=native code)
V  [jvm.dll+0x677a5a]
V  [jvm.dll+0x7d8b2d]
V  [jvm.dll+0x7da48e]
V  [jvm.dll+0x7daaf3]
V  [jvm.dll+0x2455ff]
V  [jvm.dll+0x6749b9]
V  [jvm.dll+0x669382]
V  [jvm.dll+0x302e96]
V  [jvm.dll+0x30a416]
V  [jvm.dll+0x359cbe]
V  [jvm.dll+0x359eef]
V  [jvm.dll+0x2d9e88]
V  [jvm.dll+0x2dadf4]
V  [jvm.dll+0x7aa551]
V  [jvm.dll+0x367911]
V  [jvm.dll+0x789639]
V  [jvm.dll+0x3eb30f]
V  [jvm.dll+0x3ecd91]
C  [jli.dll+0x5297]
C  [ucrtbase.dll+0x21bb2]
C  [KERNEL32.DLL+0x17374]
C  [ntdll.dll+0x4cc91]


---------------  P R O C E S S  ---------------

Threads class SMR info:
_java_thread_list=0x00007ff9331e6a18, length=0, elements={
}

Java Threads: ( => current thread )

Other Threads:
  0x000001d1a8ffe170 GCTaskThread "GC Thread#0" [stack: 0x00000029d4300000,0x00000029d4400000] [id=29392]
  0x000001d1a900eae0 ConcurrentGCThread "G1 Main Marker" [stack: 0x00000029d4400000,0x00000029d4500000] [id=18020]
  0x000001d1a900fba0 ConcurrentGCThread "G1 Conc#0" [stack: 0x00000029d4500000,0x00000029d4600000] [id=18028]

[error occurred during error reporting (printing all threads), id 0xc0000005, EXCEPTION_ACCESS_VIOLATION (0xc0000005) at pc=0x00007ff932a1aae7]

VM state: not at safepoint (not fully initialized)

VM Mutex/Monitor currently owned by a thread:  ([mutex/lock_event])
[0x000001d1a8f8cf90] Heap_lock - owner thread: 0x000001d1a8f92fe0

Heap address: 0x0000000704e00000, size: 4018 MB, Compressed Oops mode: Zero based, Oop shift amount: 3

CDS archive(s) mapped at: [0x0000000000000000-0x0000000000000000-0x0000000000000000), size 0, SharedBaseAddress: 0x0000000800000000, ArchiveRelocationMode: 1.
Narrow klass base: 0x0000000000000000, Narrow klass shift: 0, Narrow klass range: 0x0

GC Precious Log:
<Empty>

Heap:
 garbage-first heap   total 0K, used 0K [0x0000000704e00000, 0x0000000800000000)
  region size 2048K, 0 young (0K), 0 survivors (0K)

[error occurred during error reporting (printing heap information), id 0xc0000005, EXCEPTION_ACCESS_VIOLATION (0xc0000005) at pc=0x00007ff932e01249]

GC Heap History (0 events):
No events

Deoptimization events (0 events):
No events

Classes unloaded (0 events):
No events

Classes redefined (0 events):
No events

Internal exceptions (0 events):
No events

VM Operations (0 events):
No events

Events (1 events):
Event: 0.004 Loaded shared library C:\Program Files\Java\jdk-17\bin\java.dll


Dynamic libraries:
0x00007ff6b7740000 - 0x00007ff6b7750000 	C:\Program Files\Java\jdk-17\bin\javaw.exe
0x00007ff9d5d10000 - 0x00007ff9d5f08000 	C:\Windows\SYSTEM32\ntdll.dll
0x00007ff9d4490000 - 0x00007ff9d4552000 	C:\Windows\System32\KERNEL32.DLL
0x00007ff9d35e0000 - 0x00007ff9d38d6000 	C:\Windows\System32\KERNELBASE.dll
0x00007ff9d33b0000 - 0x00007ff9d34b0000 	C:\Windows\System32\ucrtbase.dll
0x00007ff9ccc60000 - 0x00007ff9ccc79000 	C:\Program Files\Java\jdk-17\bin\jli.dll
0x00007ff9cc740000 - 0x00007ff9cc75b000 	C:\Program Files\Java\jdk-17\bin\VCRUNTIME140.dll
0x00007ff9d49d0000 - 0x00007ff9d4a7f000 	C:\Windows\System32\ADVAPI32.dll
0x00007ff9d4560000 - 0x00007ff9d45fe000 	C:\Windows\System32\msvcrt.dll
0x00007ff9d4920000 - 0x00007ff9d49bf000 	C:\Windows\System32\sechost.dll
0x00007ff9d57a0000 - 0x00007ff9d58c3000 	C:\Windows\System32\RPCRT4.dll
0x00007ff9d3c90000 - 0x00007ff9d3cb7000 	C:\Windows\System32\bcrypt.dll
0x00007ff9d3f10000 - 0x00007ff9d40ad000 	C:\Windows\System32\USER32.dll
0x00007ff9d34b0000 - 0x00007ff9d34d2000 	C:\Windows\System32\win32u.dll
0x00007ff9c1220000 - 0x00007ff9c14ba000 	C:\Windows\WinSxS\amd64_microsoft.windows.common-controls_6595b64144ccf1df_6.0.19041.5794_none_60bcd33171f2783c\COMCTL32.dll
0x00007ff9d48f0000 - 0x00007ff9d491b000 	C:\Windows\System32\GDI32.dll
0x00007ff9d3a40000 - 0x00007ff9d3b5a000 	C:\Windows\System32\gdi32full.dll
0x00007ff9d3b60000 - 0x00007ff9d3bfd000 	C:\Windows\System32\msvcp_win.dll
0x00007ff9cac90000 - 0x00007ff9cac9a000 	C:\Windows\SYSTEM32\VERSION.dll
0x00007ff9d5ac0000 - 0x00007ff9d5aef000 	C:\Windows\System32\IMM32.DLL
0x00007ff9cce10000 - 0x00007ff9cce1c000 	C:\Program Files\Java\jdk-17\bin\vcruntime140_1.dll
0x00007ff987f90000 - 0x00007ff98801e000 	C:\Program Files\Java\jdk-17\bin\msvcp140.dll
0x00007ff932730000 - 0x00007ff93330f000 	C:\Program Files\Java\jdk-17\bin\server\jvm.dll
0x00007ff9d4700000 - 0x00007ff9d4708000 	C:\Windows\System32\PSAPI.DLL
0x00007ff9b62a0000 - 0x00007ff9b62a9000 	C:\Windows\SYSTEM32\WSOCK32.dll
0x00007ff9ceb30000 - 0x00007ff9ceb57000 	C:\Windows\SYSTEM32\WINMM.dll
0x00007ff9d4600000 - 0x00007ff9d466b000 	C:\Windows\System32\WS2_32.dll
0x00007ff9d1c00000 - 0x00007ff9d1c12000 	C:\Windows\SYSTEM32\kernel.appcore.dll
0x00007ff9cc580000 - 0x00007ff9cc58a000 	C:\Program Files\Java\jdk-17\bin\jimage.dll
0x00007ff9d1710000 - 0x00007ff9d1911000 	C:\Windows\SYSTEM32\DBGHELP.DLL
0x00007ff9ca1a0000 - 0x00007ff9ca1d4000 	C:\Windows\SYSTEM32\dbgcore.DLL
0x00007ff9d3c00000 - 0x00007ff9d3c82000 	C:\Windows\System32\bcryptPrimitives.dll
0x00007ff9c4760000 - 0x00007ff9c4785000 	C:\Program Files\Java\jdk-17\bin\java.dll

dbghelp: loaded successfully - version: 4.0.5 - missing functions: none
symbol engine: initialized successfully - sym options: 0x614 - pdb path: .;C:\Program Files\Java\jdk-17\bin;C:\Windows\SYSTEM32;C:\Windows\WinSxS\amd64_microsoft.windows.common-controls_6595b64144ccf1df_6.0.19041.5794_none_60bcd33171f2783c;C:\Program Files\Java\jdk-17\bin\server

VM Arguments:
jvm_args: -Dcom.sun.management.jmxremote -Dcom.sun.management.jmxremote.port=59873 -Dcom.sun.management.jmxremote.authenticate=false -Dcom.sun.management.jmxremote.ssl=false -Djava.rmi.server.hostname=localhost -Dspring.jmx.enabled=true -Dmanagement.endpoints.jmx.exposure.include=* -Dspring.application.admin.enabled=true -XX:TieredStopAtLevel=1 -Dspring.boot.project.name=dslist -Dfile.encoding=UTF-8 -Dstdout.encoding=UTF-8 -Dstderr.encoding=UTF-8 -XX:+ShowCodeDetailsInExceptionMessages 
java_command: com.devsuperior.dslist.DslistApplication --spring.output.ansi.enabled=always
java_class_path (initial): D:\CursosGeral\DevSuperior\dslist\target\classes;C:\Users\Lucas\.m2\repository\org\springframework\boot\spring-boot-starter-data-jpa\3.4.5\spring-boot-starter-data-jpa-3.4.5.jar;C:\Users\Lucas\.m2\repository\org\springframework\boot\spring-boot-starter\3.4.5\spring-boot-starter-3.4.5.jar;C:\Users\Lucas\.m2\repository\org\springframework\boot\spring-boot\3.4.5\spring-boot-3.4.5.jar;C:\Users\Lucas\.m2\repository\org\springframework\boot\spring-boot-autoconfigure\3.4.5\spring-boot-autoconfigure-3.4.5.jar;C:\Users\Lucas\.m2\repository\org\springframework\boot\spring-boot-starter-logging\3.4.5\spring-boot-starter-logging-3.4.5.jar;C:\Users\Lucas\.m2\repository\ch\qos\logback\logback-classic\1.5.18\logback-classic-1.5.18.jar;C:\Users\Lucas\.m2\repository\ch\qos\logback\logback-core\1.5.18\logback-core-1.5.18.jar;C:\Users\Lucas\.m2\repository\org\apache\logging\log4j\log4j-to-slf4j\2.24.3\log4j-to-slf4j-2.24.3.jar;C:\Users\Lucas\.m2\repository\org\apache\logging\log4j\log4j-api\2.24.3\log4j-api-2.24.3.jar;C:\Users\Lucas\.m2\repository\org\slf4j\jul-to-slf4j\2.0.17\jul-to-slf4j-2.0.17.jar;C:\Users\Lucas\.m2\repository\jakarta\annotation\jakarta.annotation-api\2.1.1\jakarta.annotation-api-2.1.1.jar;C:\Users\Lucas\.m2\repository\org\yaml\snakeyaml\2.3\snakeyaml-2.3.jar;C:\Users\Lucas\.m2\repository\org\springframework\boot\spring-boot-starter-jdbc\3.4.5\spring-boot-starter-jdbc-3.4.5.jar;C:\Users\Lucas\.m2\repository\com\zaxxer\HikariCP\5.1.0\HikariCP-5.1.0.jar;C:\Users\Lucas\.m2\repository\org\springframework\spring-jdbc\6.2.6\spring-jdbc-6.2.6.jar;C:\Users\Lucas\.m2\repository\org\hibernate\orm\hibernate-core\6.6.13.Final\hibernate-core-6.6.13.Final.jar;C:\Users\Lucas\.m2\repository\jakarta\persistence\jakarta.persistence-api\3.1.0\jakarta.persistence-api-3.1.0.jar;C:\Users\Lucas\.m2\repository\jakarta\transaction\jakarta.transaction-api\2.0.1\jakarta.transaction-api-2.0.1.jar;C:\Users\Lucas\.m2\repository\org\jboss\logging\jboss-logging\3.6.1.F
Launcher Type: SUN_STANDARD

[Global flags]
     intx CICompilerCount                          = 12                                        {product} {ergonomic}
     uint ConcGCThreads                            = 3                                         {product} {ergonomic}
     uint G1ConcRefinementThreads                  = 13                                        {product} {ergonomic}
   size_t G1HeapRegionSize                         = 2097152                                   {product} {ergonomic}
    uintx GCDrainStackTargetSize                   = 64                                        {product} {ergonomic}
   size_t InitialHeapSize                          = 264241152                                 {product} {ergonomic}
     bool ManagementServer                         = true                                      {product} {command line}
   size_t MarkStackSize                            = 4194304                                   {product} {ergonomic}
   size_t MaxHeapSize                              = 4213178368                                {product} {ergonomic}
   size_t MinHeapDeltaBytes                        = 2097152                                   {product} {ergonomic}
   size_t MinHeapSize                              = 8388608                                   {product} {ergonomic}
    uintx NonProfiledCodeHeapSize                  = 0                                      {pd product} {ergonomic}
     bool ProfileInterpreter                       = false                                  {pd product} {command line}
    uintx ProfiledCodeHeapSize                     = 0                                      {pd product} {ergonomic}
     bool ShowCodeDetailsInExceptionMessages       = true                                   {manageable} {command line}
   size_t SoftMaxHeapSize                          = 4213178368                             {manageable} {ergonomic}
     intx TieredStopAtLevel                        = 1                                         {product} {command line}
     bool UseCompressedClassPointers               = true                           {product lp64_product} {ergonomic}
     bool UseCompressedOops                        = true                           {product lp64_product} {ergonomic}
     bool UseG1GC                                  = true                                      {product} {ergonomic}
     bool UseLargePagesIndividualAllocation        = false                                  {pd product} {ergonomic}

Logging:
Log output configuration:
 #0: stdout all=warning uptime,level,tags
 #1: stderr all=off uptime,level,tags

Environment Variables:
JAVA_HOME=C:\Program Files\Java\jdk-17
PATH=D:/Lucas/Downloads/sts-4.24.0.RELEASE//plugins/org.eclipse.justj.openjdk.hotspot.jre.full.win32.x86_64_21.0.3.v20240426-1530/jre/bin/server;D:/Lucas/Downloads/sts-4.24.0.RELEASE//plugins/org.eclipse.justj.openjdk.hotspot.jre.full.win32.x86_64_21.0.3.v20240426-1530/jre/bin;C:\Program Files (x86)\Common Files\Oracle\Java\java8path;C:\Program Files (x86)\Common Files\Oracle\Java\javapath;C:\dev\flutter\bin;C:\Program Files\Java\jdk-17\bin;C:\Program Files\Java\jre-1.8\bin;C:\Program Files\PostgreSQL\16\bin;C:\Program Files\Microsoft SQL Server\Client SDK\ODBC\170\Tools\Binn\;C:\Program Files\Microsoft SQL Server\160\DTS\Binn\;C:\apache-maven-3.8.8\bin;C:\Program Files\nodejs\;C:\Users\Lucas\AppData\Local\Programs\Python\Python313\Scripts\;C:\Users\Lucas\AppData\Local\Programs\Python\Python313\;C:\Program Files\Git\cmd;C:\Users\Lucas\AppData\Local\Programs\Python\Launcher\;C:\dev\flutter\bin;C:\Program Files\PostgreSQL\16\bin;C:\Program Files\Java\jdk-17\bin;C:\Program Files\Java\jre-1.8\bin;C:\Windows\system32;C:\Windows;C:\Windows\System32\Wbem;C:\Windows\System32\WindowsPowerShell\v1.0\;C:\Windows\System32\OpenSSH\;C:\Program Files\Common Files\Microsoft Shared\Windows Live;C:\Program Files (x86)\Common Files\Microsoft Shared\Windows Live;C:\Program Files (x86)\NVIDIA Corporation\PhysX\Common;C:\Users\Lucas\AppData\Local\Programs\Microsoft VS Code\bin;C:\apache-maven-3.8.8\bin;C:\Users\Lucas\AppData\Roaming\npm;D:\Lucas\Downloads\sts-4.24.0.RELEASE;
USERNAME=Lucas
OS=Windows_NT
PROCESSOR_IDENTIFIER=Intel64 Family 6 Model 183 Stepping 1, GenuineIntel



---------------  S Y S T E M  ---------------

OS:
 Windows 10 , 64 bit Build 19041 (10.0.19041.5794)
OS uptime: 4 days 16:03 hours

CPU: total 16 (initial active 16) (8 cores per cpu, 2 threads per core) family 6 model 183 stepping 1 microcode 0x112, cx8, cmov, fxsr, ht, mmx, 3dnowpref, sse, sse2, sse3, ssse3, sse4.1, sse4.2, popcnt, lzcnt, tsc, tscinvbit, avx, avx2, aes, erms, clmul, bmi1, bmi2, adx, sha, fma, vzeroupper, clflush, clflushopt, clwb

Memory: 4k page, system-wide physical 16068M (499M free)
TotalPageFile size 46511M (AvailPageFile size 146M)
current process WorkingSet (physical memory assigned to process): 10M, peak: 10M
current process commit charge ("private bytes"): 65M, peak: 317M

vm_info: Java HotSpot(TM) 64-Bit Server VM (17.0.10+11-LTS-240) for windows-amd64 JRE (17.0.10+11-LTS-240), built on Dec 19 2023 21:47:25 by "mach5one" with MS VC++ 17.1 (VS2022)

END.
